Traceback (most recent call last):
  File "<string>", line 1, in <module>
  File "/root/SOM/server/services/product_crawler.py", line 332, in crawl_all
    queue = get_crawl_queue()
            ^^^^^^^^^^^^^^^^^
  File "/root/SOM/server/services/product_crawler.py", line 305, in get_crawl_queue
    from services.shop import ProductService
ImportError: cannot import name 'ProductService' from 'services.shop' (/root/SOM/server/services/shop.py)
==================================================
SOM商品爬虫 - 2026-07-25 02:20:02.144359
==================================================
数据库初始化完成: /root/SOM/server/data/product_cache.db
Traceback (most recent call last):
  File "<string>", line 1, in <module>
  File "/root/SOM/server/services/product_crawler.py", line 332, in crawl_all
    queue = get_crawl_queue()
            ^^^^^^^^^^^^^^^^^
  File "/root/SOM/server/services/product_crawler.py", line 305, in get_crawl_queue
    from services.shop import ProductService
ImportError: cannot import name 'ProductService' from 'services.shop' (/root/SOM/server/services/shop.py)
==================================================
SOM商品爬虫 - 2026-07-25 02:40:01.751230
==================================================
数据库初始化完成: /root/SOM/server/data/product_cache.db
==================================================
SOM商品爬虫 - 2026-07-25 03:00:01.445666
==================================================
数据库初始化完成: /root/SOM/server/data/product_cache.db
所有分类已爬取完成！
==================================================
SOM商品爬虫 - 2026-07-25 03:20:02.077447
==================================================
数据库初始化完成: /root/SOM/server/data/product_cache.db
所有分类已爬取完成！
==================================================
SOM商品爬虫 - 2026-07-25 03:40:01.666902
==================================================
数据库初始化完成: /root/SOM/server/data/product_cache.db
所有分类已爬取完成！
==================================================
SOM商品爬虫 - 2026-07-25 04:00:02.348645
==================================================
数据库初始化完成: /root/SOM/server/data/product_cache.db
所有分类已爬取完成！
==================================================
SOM商品爬虫 - 2026-07-25 04:20:01.856020
==================================================
数据库初始化完成: /root/SOM/server/data/product_cache.db
所有分类已爬取完成！
==================================================
SOM商品爬虫 - 2026-07-25 04:40:01.366180
==================================================
数据库初始化完成: /root/SOM/server/data/product_cache.db
所有分类已爬取完成！
==================================================
SOM商品爬虫 - 2026-07-25 05:00:02.248475
==================================================
数据库初始化完成: /root/SOM/server/data/product_cache.db
所有分类已爬取完成！
==================================================
SOM商品爬虫 - 2026-07-25 05:20:01.835592
==================================================
数据库初始化完成: /root/SOM/server/data/product_cache.db
所有分类已爬取完成！
==================================================
SOM商品爬虫 - 2026-07-25 05:40:01.441068
==================================================
数据库初始化完成: /root/SOM/server/data/product_cache.db
所有分类已爬取完成！
==================================================
SOM商品爬虫 - 2026-07-25 06:00:01.920002
==================================================
数据库初始化完成: /root/SOM/server/data/product_cache.db
所有分类已爬取完成！
==================================================
SOM商品爬虫 - 2026-07-25 06:20:01.449844
==================================================
数据库初始化完成: /root/SOM/server/data/product_cache.db
所有分类已爬取完成！
==================================================
SOM商品爬虫 - 2026-07-25 06:40:01.961961
==================================================
数据库初始化完成: /root/SOM/server/data/product_cache.db
所有分类已爬取完成！
