[2026-08-18 01:38:39] ============================================================
[2026-08-18 01:38:39] 🚀 QNT智能监控系统启动
[2026-08-18 01:38:39] ============================================================
[2026-08-18 01:38:52] 📊 最高价差: 0.0866% (Gate.io BNB/USDT)
[2026-08-18 01:38:52] ❌ 监控异常: no such column: spread_pct
[2026-08-18 01:40:06] 📊 最高价差: 0.0775% (HTX DOGE/USDT)
[2026-08-18 01:40:06] ❌ 监控异常: no such column: spread_pct
[2026-08-18 01:41:19] 📊 最高价差: 0.0857% (HTX SOL/USDT)
[2026-08-18 01:41:19] ❌ 监控异常: no such column: spread_pct
[2026-08-18 01:42:32] 📊 最高价差: 0.0783% (Gate.io BNB/USDT)
[2026-08-18 01:42:32] ❌ 监控异常: no such column: spread_pct
[2026-08-18 01:43:46] 📊 最高价差: 0.0727% (HTX SOL/USDT)
[2026-08-18 01:43:46] ❌ 监控异常: no such column: spread_pct
[2026-08-18 01:44:59] 📊 最高价差: 0.0711% (Bitget DOGE/USDT)
[2026-08-18 01:44:59] ❌ 监控异常: no such column: spread_pct
[2026-08-18 01:46:13] 📊 最高价差: 0.0783% (Gate.io BNB/USDT)
[2026-08-18 01:46:13] ❌ 监控异常: no such column: spread_pct
[2026-08-18 01:47:26] 📊 最高价差: 0.0799% (Gate.io XRP/USDT)
[2026-08-18 01:47:26] ❌ 监控异常: no such column: spread_pct
[2026-08-18 01:48:39] 📊 最高价差: 0.0784% (Gate.io BNB/USDT)
[2026-08-18 01:48:39] ❌ 监控异常: no such column: spread_pct
[2026-08-18 01:49:53] 📊 最高价差: 0.0790% (Gate.io SOL/USDT)
[2026-08-18 01:49:53] ❌ 监控异常: no such column: spread_pct
[2026-08-18 01:51:06] 📊 最高价差: 0.0875% (HTX DOGE/USDT)
[2026-08-18 01:51:06] ❌ 监控异常: no such column: spread_pct
[2026-08-18 01:52:19] 📊 最高价差: 0.0867% (HTX DOGE/USDT)
[2026-08-18 01:52:19] ❌ 监控异常: no such column: spread_pct
[2026-08-18 01:53:33] 📊 最高价差: 0.1056% (HTX SOL/USDT)
[2026-08-18 01:53:33] ❌ 监控异常: no such column: spread_pct
[2026-08-18 01:54:47] 📊 最高价差: 0.1053% (Gate.io SOL/USDT)
[2026-08-18 01:54:47] ❌ 监控异常: no such column: spread_pct
[2026-08-18 01:55:59] 📊 最高价差: 0.0711% (Gate.io DOGE/USDT)
[2026-08-18 01:55:59] ❌ 监控异常: no such column: spread_pct
[2026-08-18 01:57:13] 📊 最高价差: 0.0790% (Gate.io SOL/USDT)
[2026-08-18 01:57:13] ❌ 监控异常: no such column: spread_pct
[2026-08-18 01:58:26] 📊 最高价差: 0.0790% (Gate.io SOL/USDT)
[2026-08-18 01:58:26] ❌ 监控异常: no such column: spread_pct
[2026-08-18 01:59:40] 📊 最高价差: 0.0710% (Gate.io DOGE/USDT)
[2026-08-18 01:59:40] ❌ 监控异常: no such column: spread_pct
[2026-08-18 02:00:53] 📊 最高价差: 0.0701% (Gate.io BNB/USDT)
[2026-08-18 02:00:53] ❌ 监控异常: no such column: spread_pct
[2026-08-18 02:02:08] 📊 最高价差: 0.0791% (Gate.io SOL/USDT)
[2026-08-18 02:02:08] ❌ 监控异常: no such column: spread_pct
[2026-08-18 02:03:21] 📊 最高价差: 0.0784% (Gate.io BNB/USDT)
[2026-08-18 02:03:21] ❌ 监控异常: no such column: spread_pct
[2026-08-18 02:04:34] 📊 最高价差: 0.0710% (Bitget DOGE/USDT)
[2026-08-18 02:04:34] ❌ 监控异常: no such column: spread_pct
[2026-08-18 02:05:48] 📊 最高价差: 0.1185% (Gate.io SOL/USDT)
[2026-08-18 02:05:48] ❌ 监控异常: no such column: spread_pct
[2026-08-18 02:07:02] 📊 最高价差: 0.0736% (HTX SOL/USDT)
[2026-08-18 02:07:02] ❌ 监控异常: no such column: spread_pct
[2026-08-18 02:08:15] 📊 最高价差: 0.0711% (Bitget DOGE/USDT)
[2026-08-18 02:08:15] ❌ 监控异常: no such column: spread_pct
[2026-08-18 02:09:29] 📊 最高价差: 0.0784% (Gate.io BNB/USDT)
[2026-08-18 02:09:29] ❌ 监控异常: no such column: spread_pct
[2026-08-18 02:10:42] 📊 最高价差: 0.0784% (Gate.io BNB/USDT)
[2026-08-18 02:10:42] ❌ 监控异常: no such column: spread_pct
[2026-08-18 02:11:56] 📊 最高价差: 0.0852% (Bitget DOGE/USDT)
[2026-08-18 02:11:56] ❌ 监控异常: no such column: spread_pct
[2026-08-18 02:13:09] 📊 最高价差: 0.1053% (Gate.io SOL/USDT)
[2026-08-18 02:13:09] ❌ 监控异常: no such column: spread_pct
[2026-08-18 02:14:23] 📊 最高价差: 0.0784% (Gate.io BNB/USDT)
[2026-08-18 02:14:23] ❌ 监控异常: no such column: spread_pct
[2026-08-18 02:15:37] 📊 最高价差: 0.0866% (Gate.io BNB/USDT)
[2026-08-18 02:15:37] ❌ 监控异常: no such column: spread_pct
[2026-08-18 02:16:50] 📊 最高价差: 0.0948% (Gate.io BNB/USDT)
[2026-08-18 02:16:50] ❌ 监控异常: no such column: spread_pct
[2026-08-18 02:18:03] 📊 最高价差: 0.0797% (Gate.io BTC/USDT)
[2026-08-18 02:18:03] ❌ 监控异常: no such column: spread_pct
[2026-08-18 02:19:17] 📊 最高价差: 0.0866% (Gate.io BNB/USDT)
[2026-08-18 02:19:17] ❌ 监控异常: no such column: spread_pct
[2026-08-18 02:20:30] 📊 最高价差: 0.0852% (Bitget DOGE/USDT)
[2026-08-18 02:20:30] ❌ 监控异常: no such column: spread_pct
[2026-08-18 02:21:44] 📊 最高价差: 0.0789% (Gate.io SOL/USDT)
[2026-08-18 02:21:44] ❌ 监控异常: no such column: spread_pct
[2026-08-18 02:22:57] 📊 最高价差: 0.0789% (Gate.io SOL/USDT)
[2026-08-18 02:22:57] ❌ 监控异常: no such column: spread_pct
[2026-08-18 02:24:11] 📊 最高价差: 0.1313% (Gate.io SOL/USDT)
[2026-08-18 02:24:11] ❌ 监控异常: no such column: spread_pct
[2026-08-18 02:25:23] 📊 最高价差: 0.0852% (Gate.io DOGE/USDT)
[2026-08-18 02:25:23] ❌ 监控异常: no such column: spread_pct
[2026-08-18 02:26:37] 📊 最高价差: 0.0710% (Bitget DOGE/USDT)
[2026-08-18 02:26:37] ❌ 监控异常: no such column: spread_pct
[2026-08-18 02:27:49] 📊 最高价差: 0.0852% (Gate.io DOGE/USDT)
[2026-08-18 02:27:49] ❌ 监控异常: no such column: spread_pct
[2026-08-18 02:29:03] 📊 最高价差: 0.0710% (Bitget DOGE/USDT)
[2026-08-18 02:29:03] ❌ 监控异常: no such column: spread_pct
[2026-08-18 02:30:16] 📊 最高价差: 0.0783% (Gate.io BNB/USDT)
[2026-08-18 02:30:16] ❌ 监控异常: no such column: spread_pct
[2026-08-18 02:31:29] 📊 最高价差: 0.0860% (HTX DOGE/USDT)
[2026-08-18 02:31:29] ❌ 监控异常: no such column: spread_pct
[2026-08-18 02:32:41] 📊 最高价差: 0.0790% (Gate.io SOL/USDT)
[2026-08-18 02:32:41] ❌ 监控异常: no such column: spread_pct
[2026-08-18 02:33:54] 📊 最高价差: 0.0710% (Bitget DOGE/USDT)
[2026-08-18 02:33:54] ❌ 监控异常: no such column: spread_pct
[2026-08-18 02:35:07] 📊 最高价差: 0.0852% (Bitget DOGE/USDT)
[2026-08-18 02:35:07] ❌ 监控异常: no such column: spread_pct
[2026-08-18 02:36:20] 📊 最高价差: 0.0866% (Gate.io BNB/USDT)
[2026-08-18 02:36:20] ❌ 监控异常: no such column: spread_pct
[2026-08-18 02:37:33] 📊 最高价差: 0.0851% (Bitget DOGE/USDT)
[2026-08-18 02:37:33] ❌ 监控异常: no such column: spread_pct
[2026-08-18 02:38:45] 📊 最高价差: 0.0851% (Bitget DOGE/USDT)
[2026-08-18 02:38:45] ❌ 监控异常: no such column: spread_pct
[2026-08-18 02:39:58] 📊 最高价差: 0.0790% (Gate.io SOL/USDT)
[2026-08-18 02:39:58] ❌ 监控异常: no such column: spread_pct
[2026-08-18 02:41:11] 📊 最高价差: 0.0710% (Bitget DOGE/USDT)
[2026-08-18 02:41:11] ❌ 监控异常: no such column: spread_pct
[2026-08-18 02:42:24] 📊 最高价差: 0.0948% (Gate.io BNB/USDT)
[2026-08-18 02:42:24] ❌ 监控异常: no such column: spread_pct
[2026-08-18 02:43:38] 📊 最高价差: 0.0710% (Bitget DOGE/USDT)
[2026-08-18 02:43:38] ❌ 监控异常: no such column: spread_pct
[2026-08-18 02:44:50] 📊 最高价差: 0.0852% (Bitget DOGE/USDT)
[2026-08-18 02:44:50] ❌ 监控异常: no such column: spread_pct
[2026-08-18 02:46:03] 📊 最高价差: 0.0710% (Bitget DOGE/USDT)
[2026-08-18 02:46:03] ❌ 监控异常: no such column: spread_pct
[2026-08-18 02:47:16] 📊 最高价差: 0.0710% (Bitget DOGE/USDT)
[2026-08-18 02:47:16] ❌ 监控异常: no such column: spread_pct
[2026-08-18 02:48:29] 📊 最高价差: 0.0659% (Gate.io SOL/USDT)
[2026-08-18 02:48:29] ❌ 监控异常: no such column: spread_pct
[2026-08-18 02:49:41] 📊 最高价差: 0.0790% (Gate.io SOL/USDT)
[2026-08-18 02:49:41] ❌ 监控异常: no such column: spread_pct
