======================================================
  QEntL v9 权重流分片切分报告 (split_shards.awk)
======================================================
规格 (从 qscl_32x32_v9.qentl 源码推导, 非臆造):
  布局        : W[c*1024 + p]  c=0..514 类, p=0..1023 像素
  来源        : save_weights_stderr() 每类 printf 'C<c>: ' + 1024值
  期望总元素  : 515 x 1024 = 527360
  分片数      : 515 个 (qscl_32x32_b1_s2_c0..514.w)
------------------------------------------------------
输入统计:
  已切分片类数 : 0  期望 515
  纯数字元素数 : 0  期望 527360
  单流行数     : 0  (期望 515 行, 每行1024值)
  非权重行数   : 0  (banner/META/训练日志, 已跳过)
  续行修补     : 0  (printf 把1024值刷到多行)
  重复标记     : 0  断裂/空值: 0
------------------------------------------------------
权重值统计:
  非零元素     : 0  (0.0000%)
  值范围       : min=0  max=0  幅度=0
------------------------------------------------------
[FAIL] 分片类数 0 != 515
       标记行缺失/断裂 —— merge_32x32.sh 形态B收集会报 ERROR 缺分片
[FAIL] 元素数 0 != 527360
       按 §12/§17 属伪权重（偏移/断裂/日志污染）
[FAIL] 非零元素 = 0 —— 全零权重，未训练（检查 axpy_arr_at 是否生效）
[WARN] 单流线数 0 != 515（不影响分片，仅影响 stream.w 校验）
------------------------------------------------------
下游兼容性:
  merge_32x32.sh 形态B: 分片名 qscl_32x32_b1_s2_c{0..514}.w
  verify_weights:  awk -v mode=shard -f verify_weights.awk <dir>/qscl_32x32_b1_s2_c*.w
  verify_weights:  awk -v mode=block -f verify_weights.awk qdfs/ns/models/qscl_32x32_bX_sX_stream.w
------------------------------------------------------
结论: 分片切分 失败 —— 不可用于合并/准确率验证
======================================================
