======================================================
  QEntL v9 权重流分片切分报告 (split_shards.awk)
======================================================
规格 (从 qscl_32x32_v9.qentl 源码推导, 非臆造):
  布局        : W[c*1024 + p]  c=0..514 类, p=0..1023 像素
  来源        : save_weights_stderr() 每类 printf 'C<c>: ' + 1024值
  期望总元素  : 515 x 1024 = 527360
  分片数      : 515 个 (qscl_32x32_b1_s0_c0..514.w)
------------------------------------------------------
输入统计:
  已切分片类数 : 515  期望 515
  纯数字元素数 : 527360  期望 527360
  单流行数     : 515  (期望 515 行, 每行1024值)
  非权重行数   : 518  (banner/META/训练日志, 已跳过)
  续行修补     : 0  (printf 把1024值刷到多行)
  重复标记     : 0  断裂/空值: 0
------------------------------------------------------
权重值统计:
  非零元素     : 11030  (2.0916%)
  值范围       : min=-1732  max=1197  幅度=2929
------------------------------------------------------
[PASS] 515个分片全部切出
[PASS] 元素数 = 527360 (结构性标记成立)
[PASS] 非零元素 = 11030 (权重非退化)
------------------------------------------------------
下游兼容性:
  merge_32x32.sh 形态B: 分片名 qscl_32x32_b1_s0_c{0..514}.w
  verify_weights:  awk -v mode=shard -f verify_weights.awk <dir>/qscl_32x32_b1_s0_c*.w
  verify_weights:  awk -v mode=block -f verify_weights.awk qdfs/ns/models/qscl_32x32_b1_s0_stream.w
------------------------------------------------------
结论: 分片切分 通过（可直接喂 merge_32x32.sh）
======================================================
